2026-04-06T08:51:33.112 false: 12345678 @ GL_uinifi
2026-04-06T08:51:39.403 false: 12345678 @ Iko
2026-04-06T08:51:46.524 false: 12345678 @ Kvantum_F
2026-04-06T08:51:53.753 false: 12345678 @ SANDRO
2026-04-06T08:52:10.958 false: 12345678 @ SILK_306EEC
2026-04-06T08:52:18.424 false: 12345678 @ SILK_9E1541
2026-04-06T08:52:35.351 false: 12345678 @ TP-Link_E1D4
2026-04-06T08:52:55.785 false: 12345678 @ Tite
2026-04-06T08:53:00.722 false: 11111111 @ GL_uinifi
2026-04-06T08:53:04.672 false: 11111111 @ Iko
2026-04-06T08:53:09.738 false: 11111111 @ Kvantum_F
2026-04-06T08:53:17.228 false: 11111111 @ SANDRO
2026-04-06T08:53:34.407 false: 11111111 @ SILK_306EEC
2026-04-06T08:53:54.759 false: 11111111 @ SILK_9E1541
2026-04-06T08:54:12.590 false: 11111111 @ TP-Link_E1D4
2026-04-06T08:54:32.613 false: 11111111 @ Tite
2026-04-06T08:54:37.396 false: 88888888 @ GL_uinifi
2026-04-06T08:54:50.156 false: 88888888 @ Iko
2026-04-06T08:54:57.153 false: 88888888 @ Kvantum_F
2026-04-06T08:55:02.701 false: 88888888 @ SANDRO
2026-04-06T08:55:20.908 false: 88888888 @ SILK_306EEC
2026-04-06T08:55:41.013 false: 88888888 @ SILK_9E1541
2026-04-06T08:55:59.106 false: 88888888 @ TP-Link_E1D4
2026-04-06T08:56:18.862 false: 88888888 @ Tite
2026-04-06T08:56:23.790 false: 87654321 @ GL_uinifi
2026-04-06T08:56:36.754 false: 87654321 @ Iko
2026-04-06T08:56:44.599 false: 87654321 @ Kvantum_F
2026-04-06T08:56:50.009 false: 87654321 @ SANDRO
2026-04-06T08:57:07.207 false: 87654321 @ SILK_306EEC
2026-04-06T08:57:27.437 false: 87654321 @ SILK_9E1541
2026-04-06T08:57:45.173 false: 87654321 @ TP-Link_E1D4
2026-04-06T08:58:05.186 false: 87654321 @ Tite
2026-04-06T08:58:09.965 false: 12344321 @ GL_uinifi
2026-04-06T08:58:22.756 false: 12344321 @ Iko
2026-04-06T08:58:29.740 false: 12344321 @ Kvantum_F
2026-04-06T08:58:33.536 false: 12344321 @ SANDRO
2026-04-06T08:58:50.373 false: 12344321 @ SILK_306EEC
2026-04-06T08:59:10.926 false: 12344321 @ SILK_9E1541
2026-04-06T08:59:29.070 false: 12344321 @ TP-Link_E1D4
2026-04-06T08:59:48.645 false: 12344321 @ Tite
2026-04-06T08:59:53.726 false: 12341234 @ GL_uinifi
2026-04-06T09:00:06.694 false: 12341234 @ Iko
2026-04-06T09:00:14.320 false: 12341234 @ Kvantum_F
2026-04-06T09:00:21.549 false: 12341234 @ SANDRO
2026-04-06T09:00:39.690 false: 12341234 @ SILK_306EEC
2026-04-06T09:00:59.623 false: 12341234 @ SILK_9E1541
2026-04-06T09:01:17.388 false: 12341234 @ TP-Link_E1D4
2026-04-06T09:01:37.311 false: 12341234 @ Tite
2026-04-06T09:01:42.129 false: 01012011 @ GL_uinifi
2026-04-06T09:01:54.927 false: 01012011 @ Iko
2026-04-06T09:02:02.865 false: 01012011 @ Kvantum_F
2026-04-06T09:02:08.069 false: 01012011 @ SANDRO
2026-04-06T09:02:25.251 false: 01012011 @ SILK_306EEC
2026-04-06T09:02:45.616 false: 01012011 @ SILK_9E1541
2026-04-06T09:03:03.355 false: 01012011 @ TP-Link_E1D4
2026-04-06T09:03:23.392 false: 01012011 @ Tite
2026-04-06T09:03:28.140 false: 69696969 @ GL_uinifi
2026-04-06T09:03:40.807 false: 69696969 @ Iko
2026-04-06T09:03:48.738 false: 69696969 @ Kvantum_F
2026-04-06T09:03:55.246 false: 69696969 @ SANDRO
2026-04-06T09:04:13.466 false: 69696969 @ SILK_306EEC
2026-04-06T09:04:33.613 false: 69696969 @ SILK_9E1541
2026-04-06T09:04:51.576 false: 69696969 @ TP-Link_E1D4
2026-04-06T09:05:11.299 false: 69696969 @ Tite
2026-04-06T09:05:17.988 false: 11223344 @ GL_uinifi
2026-04-06T09:05:36.268 false: 11223344 @ Iko
2026-04-06T09:05:42.123 false: 11223344 @ Kvantum_F
2026-04-06T09:05:50.699 false: 11223344 @ SANDRO
2026-04-06T09:06:08.747 false: 11223344 @ SILK_306EEC
2026-04-06T09:06:28.786 false: 11223344 @ SILK_9E1541
2026-04-06T09:06:46.537 false: 11223344 @ TP-Link_E1D4
2026-04-06T09:07:06.501 false: 11223344 @ Tite
2026-04-06T09:07:13.178 false: 12121212 @ GL_uinifi
2026-04-06T09:07:20.712 false: 12121212 @ Iko
2026-04-06T09:07:25.009 false: 12121212 @ Kvantum_F
2026-04-06T09:07:30.351 false: 12121212 @ SANDRO
2026-04-06T09:07:48.607 false: 12121212 @ SILK_306EEC
2026-04-06T09:08:08.668 false: 12121212 @ SILK_9E1541
2026-04-06T09:08:26.451 false: 12121212 @ TP-Link_E1D4
2026-04-06T09:08:46.519 false: 12121212 @ Tite
2026-04-06T09:08:51.316 false: 98765432 @ GL_uinifi
2026-04-06T09:09:04.123 false: 98765432 @ Iko
2026-04-06T09:09:10.823 false: 98765432 @ Kvantum_F
2026-04-06T09:09:16.292 false: 98765432 @ SANDRO
2026-04-06T09:09:34.494 false: 98765432 @ SILK_306EEC
2026-04-06T09:09:43.845 false: 98765432 @ SILK_9E1541
2026-04-06T09:09:54.390 false: 98765432 @ TP-Link_E1D4
